# v40@0:8*16Q24^v32
number of types = 6
metaabi param type = _param
metaabi return type = void
#0 = v40
#1 = @0
#2 = :8
#3 = *16
#4 = Q24
#5 = ^v32
# #16@0:8
number of types = 3
metaabi param type = void
metaabi return type = void *
#0 = #16
#1 = @0
#2 = :8
# @24@0:8@"NSData"16
number of types = 4
metaabi param type = void *
metaabi return type = void *
#0 = @24
#1 = @0
#2 = :8
#3 = @"NSData"16
# @"MulleScionObject"40@0:8@"<MulleScionOutput>"16@"NSMutableDictionary"24@"<MulleScionDataSource>"32
number of types = 6
metaabi param type = _param
metaabi return type = void *
#0 = @"MulleScionObject"40
#1 = @0
#2 = :8
#3 = @"<MulleScionOutput>"16
#4 = @"NSMutableDictionary"24
#5 = @"<MulleScionDataSource>"32
